// Jest Snapshot v1, https://goo.gl/fbAQLP

exports[`matches snapshot 1`] = `
<div
  className="sc-bdfBwQ jbHHQv"
  data-testid="alert"
>
  Cannot be found
</div>
`;
